/Users/sajanig/Library/Python/3.9/lib/python/site-packages/urllib3/__init__.py:35: NotOpenSSLWarning: urllib3 v2 only supports OpenSSL 1.1.1+, currently the 'ssl' module is compiled with 'LibreSSL 2.8.3'. See: https://github.com/urllib3/urllib3/issues/3020
  warnings.warn(
...F.E.F.F..EEE................F
======================================================================
ERROR: test_planner_generates_valid_schema_under_timeout (test_agents.AgentsComprehensiveTests)
----------------------------------------------------------------------
Traceback (most recent call last):
  File "/Library/Developer/CommandLineTools/Library/Frameworks/Python3.framework/Versions/3.9/lib/python3.9/unittest/mock.py", line 1337, in patched
    return func(*newargs, **newkeywargs)
  File "/Users/sajanig/Desktop/Agentic-AI-/tests/test_agents.py", line 115, in test_planner_generates_valid_schema_under_timeout
    plan = planner.plan(self.state, {"Zone_A": 10}, {"confidence": 0.5}, {"steps": 1}, tools=tools)
  File "/Users/sajanig/Desktop/Agentic-AI-/agents/planner_agent.py", line 184, in plan
    llm_advisory = ask_llm_for_structured_json(
  File "/Library/Developer/CommandLineTools/Library/Frameworks/Python3.framework/Versions/3.9/lib/python3.9/unittest/mock.py", line 1093, in __call__
    return self._mock_call(*args, **kwargs)
  File "/Library/Developer/CommandLineTools/Library/Frameworks/Python3.framework/Versions/3.9/lib/python3.9/unittest/mock.py", line 1097, in _mock_call
    return self._execute_mock_call(*args, **kwargs)
  File "/Library/Developer/CommandLineTools/Library/Frameworks/Python3.framework/Versions/3.9/lib/python3.9/unittest/mock.py", line 1152, in _execute_mock_call
    raise effect
TimeoutError: Simulated LLM Hang

======================================================================
ERROR: test_message_bus_delivery_error_isolation (test_infrastructure.InfrastructureTests)
----------------------------------------------------------------------
Traceback (most recent call last):
  File "/Users/sajanig/Desktop/Agentic-AI-/tests/test_infrastructure.py", line 46, in test_message_bus_delivery_error_isolation
    bus.subscribe("test", receiver)
  File "/Users/sajanig/Desktop/Agentic-AI-/communication/message_bus.py", line 26, in subscribe
    topic = self._validate_topic(topic)
  File "/Users/sajanig/Desktop/Agentic-AI-/communication/message_bus.py", line 181, in _validate_topic
    raise ValueError(f"Unsupported topic: {normalized}")
ValueError: Unsupported topic: test

======================================================================
ERROR: test_message_bus_pub_sub_async_concurrency (test_infrastructure.InfrastructureTests)
----------------------------------------------------------------------
Traceback (most recent call last):
  File "/Users/sajanig/Desktop/Agentic-AI-/tests/test_infrastructure.py", line 27, in test_message_bus_pub_sub_async_concurrency
    bus.subscribe("topics", receiver)
  File "/Users/sajanig/Desktop/Agentic-AI-/communication/message_bus.py", line 26, in subscribe
    topic = self._validate_topic(topic)
  File "/Users/sajanig/Desktop/Agentic-AI-/communication/message_bus.py", line 181, in _validate_topic
    raise ValueError(f"Unsupported topic: {normalized}")
ValueError: Unsupported topic: topics

======================================================================
ERROR: test_message_bus_rejects_invalid_subscriber_structure (test_infrastructure.InfrastructureTests)
----------------------------------------------------------------------
Traceback (most recent call last):
  File "/Users/sajanig/Desktop/Agentic-AI-/tests/test_infrastructure.py", line 57, in test_message_bus_rejects_invalid_subscriber_structure
    bus.subscribe("test", lambda x: print(x)) # Doesn't have .receive()
  File "/Users/sajanig/Desktop/Agentic-AI-/communication/message_bus.py", line 26, in subscribe
    topic = self._validate_topic(topic)
  File "/Users/sajanig/Desktop/Agentic-AI-/communication/message_bus.py", line 181, in _validate_topic
    raise ValueError(f"Unsupported topic: {normalized}")
ValueError: Unsupported topic: test

======================================================================
FAIL: test_executor_updates_state_mathematically (test_agents.AgentsComprehensiveTests)
----------------------------------------------------------------------
Traceback (most recent call last):
  File "/Users/sajanig/Desktop/Agentic-AI-/tests/test_agents.py", line 97, in test_executor_updates_state_mathematically
    self.assertEqual(env.get_state()["Zone_B"]["occupied"], 25)
AssertionError: 20 != 25

======================================================================
FAIL: test_environment_redirect_logic_accurate_math (test_environment.ParkingEnvironmentTests)
----------------------------------------------------------------------
Traceback (most recent call last):
  File "/Users/sajanig/Desktop/Agentic-AI-/tests/test_environment.py", line 47, in test_environment_redirect_logic_accurate_math
    self.assertEqual(trans["transfer_detail"]["moved"], 5)
AssertionError: 1 != 5

======================================================================
FAIL: test_negative_invalid_action_format (test_environment.ParkingEnvironmentTests)
----------------------------------------------------------------------
Traceback (most recent call last):
  File "/Users/sajanig/Desktop/Agentic-AI-/tests/test_environment.py", line 57, in test_negative_invalid_action_format
    self.env.step(None) # type error usually depending on parsing
AssertionError: Exception not raised

======================================================================
FAIL: test_runtime_rejects_corrupted_inputs_cleanly (test_runtime_orchestrator.RuntimeOrchestratorTests)
----------------------------------------------------------------------
Traceback (most recent call last):
  File "/Users/sajanig/Desktop/Agentic-AI-/tests/test_runtime_orchestrator.py", line 68, in test_runtime_rejects_corrupted_inputs_cleanly
    self.assertEqual(snapshot["scenario_mode"], "Normal Day") # Default
AssertionError: 'Auto Schedule' != 'Normal Day'
- Auto Schedule
+ Normal Day


----------------------------------------------------------------------
Ran 32 tests in 3.820s

FAILED (failures=4, errors=4)
